Archive member included to satisfy reference by file (symbol)

c:/program files/microchip/xc8/v2.36/avr/bin/../lib/gcc/avr/5.4.0/avr5/memx-const\libgcc.a(_divmodhi4.o)
                              APPLICATION/APP_Interface.o (__divmodhi4)
c:/program files/microchip/xc8/v2.36/avr/bin/../lib/gcc/avr/5.4.0/avr5/memx-const\libgcc.a(_udivmodhi4.o)
                              c:/program files/microchip/xc8/v2.36/avr/bin/../lib/gcc/avr/5.4.0/avr5/memx-const\libgcc.a(_divmodhi4.o) (__udivmodhi4)
c:/program files/microchip/xc8/v2.36/avr/bin/../lib/gcc/avr/5.4.0/../../../../avr/lib/avr5/memx-const\libc.a(exit.o)
                              C:/Program Files (x86)/Atmel/Studio/7.0/Packs/atmel/ATmega_DFP/1.7.374/xc8/avr/lib/avr5/memx-const/crtatmega32a.o (exit)
c:/program files/microchip/xc8/v2.36/avr/bin/../lib/gcc/avr/5.4.0/../../../../avr/lib/avr5/memx-const\libc.a(_Exit.o)
                              c:/program files/microchip/xc8/v2.36/avr/bin/../lib/gcc/avr/5.4.0/../../../../avr/lib/avr5/memx-const\libc.a(exit.o) (_Exit)
c:/program files/microchip/xc8/v2.36/avr/bin/../lib/gcc/avr/5.4.0/avr5/memx-const\libgcc.a(_exit.o)
                              c:/program files/microchip/xc8/v2.36/avr/bin/../lib/gcc/avr/5.4.0/../../../../avr/lib/avr5/memx-const\libc.a(_Exit.o) (_exit)

Discarded input sections

 .data          0x0000000000000000        0x0 C:/Program Files (x86)/Atmel/Studio/7.0/Packs/atmel/ATmega_DFP/1.7.374/xc8/avr/lib/avr5/memx-const/crtatmega32a.o
 .bss           0x0000000000000000        0x0 C:/Program Files (x86)/Atmel/Studio/7.0/Packs/atmel/ATmega_DFP/1.7.374/xc8/avr/lib/avr5/memx-const/crtatmega32a.o
 .text          0x0000000000000000        0x0 APPLICATION/APP_Interface.o
 .data          0x0000000000000000        0x0 APPLICATION/APP_Interface.o
 .bss           0x0000000000000000        0x0 APPLICATION/APP_Interface.o
 .text.TIMER0_OVF_vect
                0x0000000000000000       0x48 APPLICATION/APP_Interface.o
 .text.TIMER0_COMP_vect
                0x0000000000000000       0x48 APPLICATION/APP_Interface.o
 .text          0x0000000000000000        0x0 EHAL/BLUE LED/BLUE_LED_Interface.o
 .data          0x0000000000000000        0x0 EHAL/BLUE LED/BLUE_LED_Interface.o
 .bss           0x0000000000000000        0x0 EHAL/BLUE LED/BLUE_LED_Interface.o
 .text.BLUE_LED_ON
                0x0000000000000000        0xe EHAL/BLUE LED/BLUE_LED_Interface.o
 .text.BLUE_LED_OFF
                0x0000000000000000        0xe EHAL/BLUE LED/BLUE_LED_Interface.o
 .text.BLUE_LED_TGL
                0x0000000000000000        0xc EHAL/BLUE LED/BLUE_LED_Interface.o
 .text          0x0000000000000000        0x0 main.o
 .data          0x0000000000000000        0x0 main.o
 .bss           0x0000000000000000        0x0 main.o
 .text          0x0000000000000000        0x0 MCAL/DIO/DIO_Interface.o
 .data          0x0000000000000000        0x0 MCAL/DIO/DIO_Interface.o
 .bss           0x0000000000000000        0x0 MCAL/DIO/DIO_Interface.o
 .text.DIO_SetPin_Value
                0x0000000000000000       0xfe MCAL/DIO/DIO_Interface.o
 .text.DIO_TglPin_Value
                0x0000000000000000       0x74 MCAL/DIO/DIO_Interface.o
 .text.DIO_GetPin_Value
                0x0000000000000000       0x74 MCAL/DIO/DIO_Interface.o
 .text.DIO_SetPin_PULLUP
                0x0000000000000000       0x74 MCAL/DIO/DIO_Interface.o
 .text          0x0000000000000000        0x0 MCAL/Interrupts/External/EXT_INT_Interface.o
 .data          0x0000000000000000        0x0 MCAL/Interrupts/External/EXT_INT_Interface.o
 .bss           0x0000000000000000        0x0 MCAL/Interrupts/External/EXT_INT_Interface.o
 .text.Set_Global_INT
                0x0000000000000000       0x2c MCAL/Interrupts/External/EXT_INT_Interface.o
 .text.INT_0_INIT
                0x0000000000000000       0x3c MCAL/Interrupts/External/EXT_INT_Interface.o
 .text.INT_1_INIT
                0x0000000000000000       0x3c MCAL/Interrupts/External/EXT_INT_Interface.o
 .text.INT_2_INIT
                0x0000000000000000       0x3c MCAL/Interrupts/External/EXT_INT_Interface.o
 .debug_info    0x0000000000000000      0x729 MCAL/Interrupts/External/EXT_INT_Interface.o
 .debug_abbrev  0x0000000000000000       0xe1 MCAL/Interrupts/External/EXT_INT_Interface.o
 .debug_loc     0x0000000000000000      0x313 MCAL/Interrupts/External/EXT_INT_Interface.o
 .debug_aranges
                0x0000000000000000       0x38 MCAL/Interrupts/External/EXT_INT_Interface.o
 .debug_ranges  0x0000000000000000       0x28 MCAL/Interrupts/External/EXT_INT_Interface.o
 .debug_line    0x0000000000000000      0x1b1 MCAL/Interrupts/External/EXT_INT_Interface.o
 .debug_str     0x0000000000000000       0x3a MCAL/Interrupts/External/EXT_INT_Interface.o
 .comment       0x0000000000000000       0x30 MCAL/Interrupts/External/EXT_INT_Interface.o
 .debug_frame   0x0000000000000000       0x78 MCAL/Interrupts/External/EXT_INT_Interface.o
 .text          0x0000000000000000        0x0 MCAL/TIMERS/TIMER 0/TIMER0_Interface.o
 .data          0x0000000000000000        0x0 MCAL/TIMERS/TIMER 0/TIMER0_Interface.o
 .bss           0x0000000000000000        0x0 MCAL/TIMERS/TIMER 0/TIMER0_Interface.o
 .text.timer0_init
                0x0000000000000000       0x12 MCAL/TIMERS/TIMER 0/TIMER0_Interface.o
 .text.timer0_deinit
                0x0000000000000000        0xa MCAL/TIMERS/TIMER 0/TIMER0_Interface.o
 .text          0x0000000000000000        0x0 c:/program files/microchip/xc8/v2.36/avr/bin/../lib/gcc/avr/5.4.0/avr5/memx-const\libgcc.a(_divmodhi4.o)
 .data          0x0000000000000000        0x0 c:/program files/microchip/xc8/v2.36/avr/bin/../lib/gcc/avr/5.4.0/avr5/memx-const\libgcc.a(_divmodhi4.o)
 .bss           0x0000000000000000        0x0 c:/program files/microchip/xc8/v2.36/avr/bin/../lib/gcc/avr/5.4.0/avr5/memx-const\libgcc.a(_divmodhi4.o)
 .text.libgcc.mul
                0x0000000000000000        0x0 c:/program files/microchip/xc8/v2.36/avr/bin/../lib/gcc/avr/5.4.0/avr5/memx-const\libgcc.a(_divmodhi4.o)
 .stack.descriptors
                0x0000000000000000       0x19 c:/program files/microchip/xc8/v2.36/avr/bin/../lib/gcc/avr/5.4.0/avr5/memx-const\libgcc.a(_divmodhi4.o)
 .text.libgcc   0x0000000000000000        0x0 c:/program files/microchip/xc8/v2.36/avr/bin/../lib/gcc/avr/5.4.0/avr5/memx-const\libgcc.a(_divmodhi4.o)
 .text.libgcc.prologue
                0x0000000000000000        0x0 c:/program files/microchip/xc8/v2.36/avr/bin/../lib/gcc/avr/5.4.0/avr5/memx-const\libgcc.a(_divmodhi4.o)
 .text.libgcc.builtins
                0x0000000000000000        0x0 c:/program files/microchip/xc8/v2.36/avr/bin/../lib/gcc/avr/5.4.0/avr5/memx-const\libgcc.a(_divmodhi4.o)
 .text.libgcc.fmul
                0x0000000000000000        0x0 c:/program files/microchip/xc8/v2.36/avr/bin/../lib/gcc/avr/5.4.0/avr5/memx-const\libgcc.a(_divmodhi4.o)
 .text.libgcc.fixed
                0x0000000000000000        0x0 c:/program files/microchip/xc8/v2.36/avr/bin/../lib/gcc/avr/5.4.0/avr5/memx-const\libgcc.a(_divmodhi4.o)
 .text          0x0000000000000000        0x0 c:/program files/microchip/xc8/v2.36/avr/bin/../lib/gcc/avr/5.4.0/avr5/memx-const\libgcc.a(_udivmodhi4.o)
 .data          0x0000000000000000        0x0 c:/program files/microchip/xc8/v2.36/avr/bin/../lib/gcc/avr/5.4.0/avr5/memx-const\libgcc.a(_udivmodhi4.o)
 .bss           0x0000000000000000        0x0 c:/program files/microchip/xc8/v2.36/avr/bin/../lib/gcc/avr/5.4.0/avr5/memx-const\libgcc.a(_udivmodhi4.o)
 .text.libgcc.mul
                0x0000000000000000        0x0 c:/program files/microchip/xc8/v2.36/avr/bin/../lib/gcc/avr/5.4.0/avr5/memx-const\libgcc.a(_udivmodhi4.o)
 .stack.descriptors
                0x0000000000000000       0x1a c:/program files/microchip/xc8/v2.36/avr/bin/../lib/gcc/avr/5.4.0/avr5/memx-const\libgcc.a(_udivmodhi4.o)
 .text.libgcc   0x0000000000000000        0x0 c:/program files/microchip/xc8/v2.36/avr/bin/../lib/gcc/avr/5.4.0/avr5/memx-const\libgcc.a(_udivmodhi4.o)
 .text.libgcc.prologue
                0x0000000000000000        0x0 c:/program files/microchip/xc8/v2.36/avr/bin/../lib/gcc/avr/5.4.0/avr5/memx-const\libgcc.a(_udivmodhi4.o)
 .text.libgcc.builtins
                0x0000000000000000        0x0 c:/program files/microchip/xc8/v2.36/avr/bin/../lib/gcc/avr/5.4.0/avr5/memx-const\libgcc.a(_udivmodhi4.o)
 .text.libgcc.fmul
                0x0000000000000000        0x0 c:/program files/microchip/xc8/v2.36/avr/bin/../lib/gcc/avr/5.4.0/avr5/memx-const\libgcc.a(_udivmodhi4.o)
 .text.libgcc.fixed
                0x0000000000000000        0x0 c:/program files/microchip/xc8/v2.36/avr/bin/../lib/gcc/avr/5.4.0/avr5/memx-const\libgcc.a(_udivmodhi4.o)
 .text          0x0000000000000000        0x0 c:/program files/microchip/xc8/v2.36/avr/bin/../lib/gcc/avr/5.4.0/../../../../avr/lib/avr5/memx-const\libc.a(exit.o)
 .data          0x0000000000000000        0x0 c:/program files/microchip/xc8/v2.36/avr/bin/../lib/gcc/avr/5.4.0/../../../../avr/lib/avr5/memx-const\libc.a(exit.o)
 .bss           0x0000000000000000        0x0 c:/program files/microchip/xc8/v2.36/avr/bin/../lib/gcc/avr/5.4.0/../../../../avr/lib/avr5/memx-const\libc.a(exit.o)
 .text          0x0000000000000000        0x0 c:/program files/microchip/xc8/v2.36/avr/bin/../lib/gcc/avr/5.4.0/../../../../avr/lib/avr5/memx-const\libc.a(_Exit.o)
 .data          0x0000000000000000        0x0 c:/program files/microchip/xc8/v2.36/avr/bin/../lib/gcc/avr/5.4.0/../../../../avr/lib/avr5/memx-const\libc.a(_Exit.o)
 .bss           0x0000000000000000        0x0 c:/program files/microchip/xc8/v2.36/avr/bin/../lib/gcc/avr/5.4.0/../../../../avr/lib/avr5/memx-const\libc.a(_Exit.o)
 .text          0x0000000000000000        0x0 c:/program files/microchip/xc8/v2.36/avr/bin/../lib/gcc/avr/5.4.0/avr5/memx-const\libgcc.a(_exit.o)
 .data          0x0000000000000000        0x0 c:/program files/microchip/xc8/v2.36/avr/bin/../lib/gcc/avr/5.4.0/avr5/memx-const\libgcc.a(_exit.o)
 .bss           0x0000000000000000        0x0 c:/program files/microchip/xc8/v2.36/avr/bin/../lib/gcc/avr/5.4.0/avr5/memx-const\libgcc.a(_exit.o)
 .text.libgcc.mul
                0x0000000000000000        0x0 c:/program files/microchip/xc8/v2.36/avr/bin/../lib/gcc/avr/5.4.0/avr5/memx-const\libgcc.a(_exit.o)
 .text.libgcc.div
                0x0000000000000000        0x0 c:/program files/microchip/xc8/v2.36/avr/bin/../lib/gcc/avr/5.4.0/avr5/memx-const\libgcc.a(_exit.o)
 .text.libgcc   0x0000000000000000        0x0 c:/program files/microchip/xc8/v2.36/avr/bin/../lib/gcc/avr/5.4.0/avr5/memx-const\libgcc.a(_exit.o)
 .text.libgcc.prologue
                0x0000000000000000        0x0 c:/program files/microchip/xc8/v2.36/avr/bin/../lib/gcc/avr/5.4.0/avr5/memx-const\libgcc.a(_exit.o)
 .stack.descriptors
                0x0000000000000000       0x13 c:/program files/microchip/xc8/v2.36/avr/bin/../lib/gcc/avr/5.4.0/avr5/memx-const\libgcc.a(_exit.o)
 .text.libgcc.builtins
                0x0000000000000000        0x0 c:/program files/microchip/xc8/v2.36/avr/bin/../lib/gcc/avr/5.4.0/avr5/memx-const\libgcc.a(_exit.o)
 .text.libgcc.fmul
                0x0000000000000000        0x0 c:/program files/microchip/xc8/v2.36/avr/bin/../lib/gcc/avr/5.4.0/avr5/memx-const\libgcc.a(_exit.o)
 .text.libgcc.fixed
                0x0000000000000000        0x0 c:/program files/microchip/xc8/v2.36/avr/bin/../lib/gcc/avr/5.4.0/avr5/memx-const\libgcc.a(_exit.o)

Memory Configuration

Name             Origin             Length             Attributes
text             0x0000000000000000 0x0000000000008000 xr
data             0x0000000000800060 0x0000000000000800 rw !x
eeprom           0x0000000000810000 0x0000000000000400 rw !x
fuse             0x0000000000820000 0x0000000000000002 rw !x
lock             0x0000000000830000 0x0000000000000400 rw !x
signature        0x0000000000840000 0x0000000000000400 rw !x
user_signatures  0x0000000000850000 0x0000000000000400 rw !x
*default*        0x0000000000000000 0xffffffffffffffff

Linker script and memory map

LOAD C:/Program Files (x86)/Atmel/Studio/7.0/Packs/atmel/ATmega_DFP/1.7.374/xc8/avr/lib/avr5/memx-const/crtatmega32a.o
LOAD APPLICATION/APP_Interface.o
LOAD EHAL/BLUE LED/BLUE_LED_Interface.o
LOAD main.o
LOAD MCAL/DIO/DIO_Interface.o
LOAD MCAL/Interrupts/External/EXT_INT_Interface.o
LOAD MCAL/TIMERS/TIMER 0/TIMER0_Interface.o
START GROUP
LOAD c:/program files/microchip/xc8/v2.36/avr/bin/../lib/gcc/avr/5.4.0/../../../../avr/lib/avr5/memx-const\libm.a
END GROUP
START GROUP
LOAD c:/program files/microchip/xc8/v2.36/avr/bin/../lib/gcc/avr/5.4.0/avr5/memx-const\libgcc.a
LOAD c:/program files/microchip/xc8/v2.36/avr/bin/../lib/gcc/avr/5.4.0/../../../../avr/lib/avr5/memx-const\libm.a
LOAD c:/program files/microchip/xc8/v2.36/avr/bin/../lib/gcc/avr/5.4.0/../../../../avr/lib/avr5/memx-const\libc.a
LOAD C:/Program Files (x86)/Atmel/Studio/7.0/Packs/atmel/ATmega_DFP/1.7.374/xc8/avr/lib/avr5/memx-const\libatmega32a.a
END GROUP
                [0x0000000000000000]                __TEXT_REGION_ORIGIN__ = DEFINED (__TEXT_REGION_ORIGIN__)?__TEXT_REGION_ORIGIN__:0x0
                [0x0000000000800060]                __DATA_REGION_ORIGIN__ = DEFINED (__DATA_REGION_ORIGIN__)?__DATA_REGION_ORIGIN__:0x800060
                [0x0000000000008000]                __TEXT_REGION_LENGTH__ = DEFINED (__TEXT_REGION_LENGTH__)?__TEXT_REGION_LENGTH__:0x20000
                [0x0000000000000800]                __DATA_REGION_LENGTH__ = DEFINED (__DATA_REGION_LENGTH__)?__DATA_REGION_LENGTH__:0xffa0
                [0x0000000000000400]                __EEPROM_REGION_LENGTH__ = DEFINED (__EEPROM_REGION_LENGTH__)?__EEPROM_REGION_LENGTH__:0x10000
                [0x0000000000000002]                __FUSE_REGION_LENGTH__ = DEFINED (__FUSE_REGION_LENGTH__)?__FUSE_REGION_LENGTH__:0x400
                0x0000000000000400                __LOCK_REGION_LENGTH__ = DEFINED (__LOCK_REGION_LENGTH__)?__LOCK_REGION_LENGTH__:0x400
                0x0000000000000400                __SIGNATURE_REGION_LENGTH__ = DEFINED (__SIGNATURE_REGION_LENGTH__)?__SIGNATURE_REGION_LENGTH__:0x400
                0x0000000000000400                __USER_SIGNATURE_REGION_LENGTH__ = DEFINED (__USER_SIGNATURE_REGION_LENGTH__)?__USER_SIGNATURE_REGION_LENGTH__:0x400

.hash
 *(.hash)

.dynsym
 *(.dynsym)

.dynstr
 *(.dynstr)

.gnu.version
 *(.gnu.version)

.gnu.version_d
 *(.gnu.version_d)

.gnu.version_r
 *(.gnu.version_r)

.rel.init
 *(.rel.init)

.rela.init
 *(.rela.init)

.rel.text
 *(.rel.text)
 *(.rel.text.*)
 *(.rel.gnu.linkonce.t*)

.rela.text
 *(.rela.text)
 *(.rela.text.*)
 *(.rela.gnu.linkonce.t*)

.rel.fini
 *(.rel.fini)

.rela.fini
 *(.rela.fini)

.rel.rodata
 *(.rel.rodata)
 *(.rel.rodata.*)
 *(.rel.gnu.linkonce.r*)

.rela.rodata
 *(.rela.rodata)
 *(.rela.rodata.*)
 *(.rela.gnu.linkonce.r*)

.rel.data
 *(.rel.data)
 *(.rel.data.*)
 *(.rel.gnu.linkonce.d*)

.rela.data
 *(.rela.data)
 *(.rela.data.*)
 *(.rela.gnu.linkonce.d*)

.rel.ctors
 *(.rel.ctors)

.rela.ctors
 *(.rela.ctors)

.rel.dtors
 *(.rel.dtors)

.rela.dtors
 *(.rela.dtors)

.rel.got
 *(.rel.got)

.rela.got
 *(.rela.got)

.rel.bss
 *(.rel.bss)

.rela.bss
 *(.rela.bss)

.rel.plt
 *(.rel.plt)

.rela.plt
 *(.rela.plt)

.text           0x0000000000000000       0x6c
 *(.vectors)
 .vectors       0x0000000000000000       0x54 C:/Program Files (x86)/Atmel/Studio/7.0/Packs/atmel/ATmega_DFP/1.7.374/xc8/avr/lib/avr5/memx-const/crtatmega32a.o
                0x0000000000000000                __vector_default
                0x0000000000000000                __vectors
 *(.vectors)
 *(.progmem.gcc*)
 *(.dinit)
 .dinit         0x0000000000000054        0x0 data_init
                0x0000000000000054                . = ALIGN (0x2)
                0x0000000000000054                __trampolines_start = .
 *(.trampolines)
 .trampolines   0x0000000000000054        0x0 linker stubs
 *(.trampolines*)
                0x0000000000000054                __trampolines_end = .
 *libprintf_flt.a:*(.progmem.data)
 *libc.a:*(.progmem.data)
                0x0000000000000054                . = ALIGN (0x2)
 *(.jumptables)
 *(.jumptables*)
 *(.lowtext)
 *(.lowtext*)
                0x0000000000000054                __ctors_start = .
 *(.ctors)
                0x0000000000000054                __ctors_end = .
                0x0000000000000054                __dtors_start = .
 *(.dtors)
                0x0000000000000054                __dtors_end = .
 SORT(*)(.ctors)
 SORT(*)(.dtors)
 *(.init0)
 .init0         0x0000000000000054        0x0 C:/Program Files (x86)/Atmel/Studio/7.0/Packs/atmel/ATmega_DFP/1.7.374/xc8/avr/lib/avr5/memx-const/crtatmega32a.o
                0x0000000000000054                __init
 *(.init0)
 *(.init1)
 *(.init1)
 *(.init2)
 .init2         0x0000000000000054        0xc C:/Program Files (x86)/Atmel/Studio/7.0/Packs/atmel/ATmega_DFP/1.7.374/xc8/avr/lib/avr5/memx-const/crtatmega32a.o
 *(.init2)
 *(.init3)
 *(.init3)
 *(.init4)
 *(.init4)
 *(.init5)
 *(.init5)
 *(.init6)
 *(.init6)
 *(.init7)
 *(.init7)
 *(.init8)
 *(.init8)
 *(.init9)
 .init9         0x0000000000000060        0x8 C:/Program Files (x86)/Atmel/Studio/7.0/Packs/atmel/ATmega_DFP/1.7.374/xc8/avr/lib/avr5/memx-const/crtatmega32a.o
 *(.init9)
                0x0000000000000068                . = ALIGN (0x2)
 *(.fini9)
 .fini9         0x0000000000000068        0x0 c:/program files/microchip/xc8/v2.36/avr/bin/../lib/gcc/avr/5.4.0/avr5/memx-const\libgcc.a(_exit.o)
                0x0000000000000068                _exit
 *(.fini9)
 *(.fini8)
 *(.fini8)
 *(.fini7)
 *(.fini7)
 *(.fini6)
 *(.fini6)
 *(.fini5)
 *(.fini5)
 *(.fini4)
 *(.fini4)
 *(.fini3)
 *(.fini3)
 *(.fini2)
 *(.fini2)
 *(.fini1)
 *(.fini1)
 *(.fini0)
 .fini0         0x0000000000000068        0x4 c:/program files/microchip/xc8/v2.36/avr/bin/../lib/gcc/avr/5.4.0/avr5/memx-const\libgcc.a(_exit.o)
 *(.fini0)
                0x000000000000006c                _etext = .

.data           0x0000000000800060        0x0 load address 0x000000000000006c
                [!provide]                        PROVIDE (__data_start, .)
 *(.gnu.linkonce.d*)
 *(.gnu.linkonce.r*)
                0x0000000000800060                . = ALIGN (0x2)
                0x0000000000800060                _edata = .
                [!provide]                        PROVIDE (__data_end, .)

.bss            0x0000000000800060        0x0
                [!provide]                        PROVIDE (__bss_start, .)
 *(COMMON)
                [!provide]                        PROVIDE (__bss_end, .)
                0x000000000000006c                __data_load_start = LOADADDR (.data)
                0x000000000000006c                __data_load_end = (__data_load_start + SIZEOF (.data))

.noinit         0x0000000000800060        0x0
                [!provide]                        PROVIDE (__noinit_start, .)
 *(.noinit*)
                [!provide]                        PROVIDE (__noinit_end, .)
                0x0000000000800060                _end = .

.eeprom         0x0000000000810000        0x0
 *(.eeprom*)
                0x0000000000810000                __eeprom_end = .

.fuse
 *(.fuse)
 *(.lfuse)
 *(.hfuse)
 *(.efuse)

.lock
 *(.lock*)

.signature
 *(.signature*)

.user_signatures
 *(.user_signatures*)

.stab
 *(.stab)

.stabstr
 *(.stabstr)

.stab.excl
 *(.stab.excl)

.stab.exclstr
 *(.stab.exclstr)

.stab.index
 *(.stab.index)

.stab.indexstr
 *(.stab.indexstr)

.comment        0x0000000000000000       0x2f
 *(.comment)
 .comment       0x0000000000000000       0x2f APPLICATION/APP_Interface.o
                                         0x30 (size before relaxing)
 .comment       0x000000000000002f       0x30 EHAL/BLUE LED/BLUE_LED_Interface.o
 .comment       0x000000000000002f       0x30 main.o
 .comment       0x000000000000002f       0x30 MCAL/DIO/DIO_Interface.o
 .comment       0x000000000000002f       0x30 MCAL/TIMERS/TIMER 0/TIMER0_Interface.o
 .comment       0x000000000000002f       0x30 c:/program files/microchip/xc8/v2.36/avr/bin/../lib/gcc/avr/5.4.0/../../../../avr/lib/avr5/memx-const\libc.a(exit.o)
 .comment       0x000000000000002f       0x30 c:/program files/microchip/xc8/v2.36/avr/bin/../lib/gcc/avr/5.4.0/../../../../avr/lib/avr5/memx-const\libc.a(_Exit.o)

.stack.descriptors.hdr
                0x0000000000000000       0x2a
 .stack.descriptors.hdr
                0x0000000000000000        0xe c:/program files/microchip/xc8/v2.36/avr/bin/../lib/gcc/avr/5.4.0/avr5/memx-const\libgcc.a(_divmodhi4.o)
 .stack.descriptors.hdr
                0x000000000000000e        0xe c:/program files/microchip/xc8/v2.36/avr/bin/../lib/gcc/avr/5.4.0/avr5/memx-const\libgcc.a(_udivmodhi4.o)
 .stack.descriptors.hdr
                0x000000000000001c        0xe c:/program files/microchip/xc8/v2.36/avr/bin/../lib/gcc/avr/5.4.0/avr5/memx-const\libgcc.a(_exit.o)

.note.GNU-stack
                0x0000000000000000        0x0
 .note.GNU-stack
                0x0000000000000000        0x0 c:/program files/microchip/xc8/v2.36/avr/bin/../lib/gcc/avr/5.4.0/../../../../avr/lib/avr5/memx-const\libc.a(exit.o)
 .note.GNU-stack
                0x0000000000000000        0x0 c:/program files/microchip/xc8/v2.36/avr/bin/../lib/gcc/avr/5.4.0/../../../../avr/lib/avr5/memx-const\libc.a(_Exit.o)

.note.gnu.build-id
 *(.note.gnu.build-id)

.debug
 *(.debug)

.line
 *(.line)

.debug_srcinfo
 *(.debug_srcinfo)

.debug_sfnames
 *(.debug_sfnames)

.debug_aranges  0x0000000000000000      0x120
 *(.debug_aranges)
 .debug_aranges
                0x0000000000000000       0x48 APPLICATION/APP_Interface.o
 .debug_aranges
                0x0000000000000048       0x38 EHAL/BLUE LED/BLUE_LED_Interface.o
 .debug_aranges
                0x0000000000000080       0x20 main.o
 .debug_aranges
                0x00000000000000a0       0x40 MCAL/DIO/DIO_Interface.o
 .debug_aranges
                0x00000000000000e0       0x40 MCAL/TIMERS/TIMER 0/TIMER0_Interface.o

.debug_pubnames
 *(.debug_pubnames)

.debug_info     0x0000000000000000     0x1acc
 *(.debug_info .gnu.linkonce.wi.*)
 .debug_info    0x0000000000000000      0x4e6 C:/Program Files (x86)/Atmel/Studio/7.0/Packs/atmel/ATmega_DFP/1.7.374/xc8/avr/lib/avr5/memx-const/crtatmega32a.o
 .debug_info    0x00000000000004e6      0x5a3 APPLICATION/APP_Interface.o
 .debug_info    0x0000000000000a89      0x4e7 EHAL/BLUE LED/BLUE_LED_Interface.o
 .debug_info    0x0000000000000f70      0x202 main.o
 .debug_info    0x0000000000001172      0x5c9 MCAL/DIO/DIO_Interface.o
 .debug_info    0x000000000000173b      0x391 MCAL/TIMERS/TIMER 0/TIMER0_Interface.o

.debug_abbrev   0x0000000000000000      0x878
 *(.debug_abbrev)
 .debug_abbrev  0x0000000000000000      0x4a3 C:/Program Files (x86)/Atmel/Studio/7.0/Packs/atmel/ATmega_DFP/1.7.374/xc8/avr/lib/avr5/memx-const/crtatmega32a.o
 .debug_abbrev  0x00000000000004a3      0x18d APPLICATION/APP_Interface.o
 .debug_abbrev  0x0000000000000630       0x9a EHAL/BLUE LED/BLUE_LED_Interface.o
 .debug_abbrev  0x00000000000006ca       0x5b main.o
 .debug_abbrev  0x0000000000000725       0xb2 MCAL/DIO/DIO_Interface.o
 .debug_abbrev  0x00000000000007d7       0xa1 MCAL/TIMERS/TIMER 0/TIMER0_Interface.o

.debug_line     0x0000000000000000      0x9b6
 *(.debug_line .debug_line.* .debug_line_end)
 .debug_line    0x0000000000000000      0x119 C:/Program Files (x86)/Atmel/Studio/7.0/Packs/atmel/ATmega_DFP/1.7.374/xc8/avr/lib/avr5/memx-const/crtatmega32a.o
 .debug_line    0x0000000000000119      0x246 APPLICATION/APP_Interface.o
 .debug_line    0x000000000000035f       0xf5 EHAL/BLUE LED/BLUE_LED_Interface.o
 .debug_line    0x0000000000000454       0x69 main.o
 .debug_line    0x00000000000004bd      0x345 MCAL/DIO/DIO_Interface.o
 .debug_line    0x0000000000000802      0x1b4 MCAL/TIMERS/TIMER 0/TIMER0_Interface.o

.debug_frame    0x0000000000000000      0x244
 *(.debug_frame)
 .debug_frame   0x0000000000000000      0x104 APPLICATION/APP_Interface.o
 .debug_frame   0x0000000000000104       0x54 EHAL/BLUE LED/BLUE_LED_Interface.o
 .debug_frame   0x0000000000000158       0x24 main.o
 .debug_frame   0x000000000000017c       0x64 MCAL/DIO/DIO_Interface.o
 .debug_frame   0x00000000000001e0       0x64 MCAL/TIMERS/TIMER 0/TIMER0_Interface.o

.debug_str      0x0000000000000000      0x292
 *(.debug_str)
 .debug_str     0x0000000000000000      0x196 C:/Program Files (x86)/Atmel/Studio/7.0/Packs/atmel/ATmega_DFP/1.7.374/xc8/avr/lib/avr5/memx-const/crtatmega32a.o
 .debug_str     0x0000000000000196       0x8c APPLICATION/APP_Interface.o
 .debug_str     0x0000000000000222       0x43 EHAL/BLUE LED/BLUE_LED_Interface.o
 .debug_str     0x0000000000000265       0x12 main.o
 .debug_str     0x0000000000000277        0xc MCAL/DIO/DIO_Interface.o
 .debug_str     0x0000000000000283        0xf MCAL/TIMERS/TIMER 0/TIMER0_Interface.o

.debug_loc      0x0000000000000000      0x67c
 *(.debug_loc)
 .debug_loc     0x0000000000000000      0x21c APPLICATION/APP_Interface.o
 .debug_loc     0x000000000000021c      0x460 MCAL/DIO/DIO_Interface.o

.debug_macinfo
 *(.debug_macinfo)

.debug_weaknames
 *(.debug_weaknames)

.debug_funcnames
 *(.debug_funcnames)

.debug_typenames
 *(.debug_typenames)

.debug_varnames
 *(.debug_varnames)

.debug_pubtypes
 *(.debug_pubtypes)

.debug_ranges   0x0000000000000000       0xd0
 *(.debug_ranges)
 .debug_ranges  0x0000000000000000       0x38 APPLICATION/APP_Interface.o
 .debug_ranges  0x0000000000000038       0x28 EHAL/BLUE LED/BLUE_LED_Interface.o
 .debug_ranges  0x0000000000000060       0x10 main.o
 .debug_ranges  0x0000000000000070       0x30 MCAL/DIO/DIO_Interface.o
 .debug_ranges  0x00000000000000a0       0x30 MCAL/TIMERS/TIMER 0/TIMER0_Interface.o

.debug_macro
 *(.debug_macro)
OUTPUT(Kylian Tech.elf elf32-avr)
LOAD linker stubs
LOAD data_init

.note.gnu.avr.deviceinfo
                0x0000000000000000       0x3c
 .note.gnu.avr.deviceinfo
                0x0000000000000000       0x3c C:/Program Files (x86)/Atmel/Studio/7.0/Packs/atmel/ATmega_DFP/1.7.374/xc8/avr/lib/avr5/memx-const/crtatmega32a.o

.text.DIO_SetPin_Direction
                0x000000000000006c       0xfe
 .text.DIO_SetPin_Direction
                0x000000000000006c       0xfe MCAL/DIO/DIO_Interface.o
                0x000000000000006c                DIO_SetPin_Direction

.text.timer_CTC_init_interrupt
                0x000000000000016a       0x3c
 .text.timer_CTC_init_interrupt
                0x000000000000016a       0x3c MCAL/TIMERS/TIMER 0/TIMER0_Interface.o
                0x000000000000016a                timer_CTC_init_interrupt

.text.timer_wave_fastPWM
                0x00000000000001a6       0x34
 .text.timer_wave_fastPWM
                0x00000000000001a6       0x34 MCAL/TIMERS/TIMER 0/TIMER0_Interface.o
                0x00000000000001a6                timer_wave_fastPWM

.text.timer0_overflow_init_interrupt
                0x00000000000001da       0x2e
 .text.timer0_overflow_init_interrupt
                0x00000000000001da       0x2e MCAL/TIMERS/TIMER 0/TIMER0_Interface.o
                0x00000000000001da                timer0_overflow_init_interrupt

.text.libgcc.div
                0x0000000000000208       0x28
 .text.libgcc.div
                0x0000000000000208       0x28 c:/program files/microchip/xc8/v2.36/avr/bin/../lib/gcc/avr/5.4.0/avr5/memx-const\libgcc.a(_divmodhi4.o)
                0x0000000000000208                _div
                0x0000000000000208                __divmodhi4

.text.libgcc.div
                0x0000000000000230       0x28
 .text.libgcc.div
                0x0000000000000230       0x28 c:/program files/microchip/xc8/v2.36/avr/bin/../lib/gcc/avr/5.4.0/avr5/memx-const\libgcc.a(_udivmodhi4.o)
                0x0000000000000230                __udivmodhi4

.text.APP_Init  0x0000000000000258       0x1e
 .text.APP_Init
                0x0000000000000258       0x1e APPLICATION/APP_Interface.o
                0x0000000000000258                APP_Init

.text.Main_Task
                0x0000000000000276       0x18
 .text.Main_Task
                0x0000000000000276       0x18 APPLICATION/APP_Interface.o
                0x0000000000000276                Main_Task

.text.exit      0x000000000000028e       0x16
 .text.exit     0x000000000000028e       0x16 c:/program files/microchip/xc8/v2.36/avr/bin/../lib/gcc/avr/5.4.0/../../../../avr/lib/avr5/memx-const\libc.a(exit.o)
                0x000000000000028e                exit

.text.Set_Duty  0x00000000000002a4       0x12
 .text.Set_Duty
                0x00000000000002a4       0x12 APPLICATION/APP_Interface.o
                0x00000000000002a4                Set_Duty

.text.BLUE_LED_Initializ
                0x00000000000002b6        0xe
 .text.BLUE_LED_Initializ
                0x00000000000002b6        0xe EHAL/BLUE LED/BLUE_LED_Interface.o
                0x00000000000002b6                BLUE_LED_Initializ

.text.main      0x00000000000002c4        0xa
 .text.main     0x00000000000002c4        0xa main.o
                0x00000000000002c4                main

.text           0x00000000000002ce        0x4
 .text          0x00000000000002ce        0x4 C:/Program Files (x86)/Atmel/Studio/7.0/Packs/atmel/ATmega_DFP/1.7.374/xc8/avr/lib/avr5/memx-const/crtatmega32a.o
                0x00000000000002ce                __vector_1
                0x00000000000002ce                __vector_12
                0x00000000000002ce                __bad_interrupt
                0x00000000000002ce                __vector_6
                0x00000000000002ce                __vector_3
                0x00000000000002ce                __vector_11
                0x00000000000002ce                __vector_13
                0x00000000000002ce                __vector_17
                0x00000000000002ce                __vector_19
                0x00000000000002ce                __vector_7
                0x00000000000002ce                __vector_5
                0x00000000000002ce                __vector_4
                0x00000000000002ce                __vector_9
                0x00000000000002ce                __vector_2
                0x00000000000002ce                __vector_15
                0x00000000000002ce                __vector_8
                0x00000000000002ce                __vector_14
                0x00000000000002ce                __vector_10
                0x00000000000002ce                __vector_16
                0x00000000000002ce                __vector_18
                0x00000000000002ce                __vector_20

.text.APP_main  0x00000000000002d2        0x4
 .text.APP_main
                0x00000000000002d2        0x4 APPLICATION/APP_Interface.o
                0x00000000000002d2                APP_main

.text._Exit     0x00000000000002d6        0x4
 .text._Exit    0x00000000000002d6        0x4 c:/program files/microchip/xc8/v2.36/avr/bin/../lib/gcc/avr/5.4.0/../../../../avr/lib/avr5/memx-const\libc.a(_Exit.o)
                0x00000000000002d6                _Exit

.text.__dummy_fini
                0x00000000000002da        0x2
 .text.__dummy_fini
                0x00000000000002da        0x2 c:/program files/microchip/xc8/v2.36/avr/bin/../lib/gcc/avr/5.4.0/../../../../avr/lib/avr5/memx-const\libc.a(exit.o)
                0x00000000000002da                _fini

.text.__dummy_funcs_on_exit
                0x00000000000002dc        0x2
 .text.__dummy_funcs_on_exit
                0x00000000000002dc        0x2 c:/program files/microchip/xc8/v2.36/avr/bin/../lib/gcc/avr/5.4.0/../../../../avr/lib/avr5/memx-const\libc.a(exit.o)
                0x00000000000002dc                __funcs_on_exit

.text.__dummy_simulator_exit
                0x00000000000002de        0x2
 .text.__dummy_simulator_exit
                0x00000000000002de        0x2 c:/program files/microchip/xc8/v2.36/avr/bin/../lib/gcc/avr/5.4.0/../../../../avr/lib/avr5/memx-const\libc.a(exit.o)
                0x00000000000002de                __simulator_exit
